ligo: lexer error: Unexpected character '\239'.
       {"parser_loc":"in file \"unexpected_character.mligo\", line 1, characters 8-9"}
      
