tuple[   list[]
         big_map[
           2 -> 444
           1 -> 2
         ]
]

