tuple[   list[]
         tuple[
           big_map[
             2 -> 444
             1 -> 2
           ]
           Unit
         ]
]

