tuple[   list[]
         big_map[
           2 -> 444
         ]
]

